// Jest Snapshot v1, https://goo.gl/fbAQLP

exports[`Thumbnail renders correctly 1`] = `
<img
  alt=""
  className="string"
  src="string2"
/>
`;
