// Jest Snapshot v1, https://goo.gl/fbAQLP

exports[`<Button /> Should render with Hello! 1`] = `
<button
  className="button button__sort"
  type="button"
>
  Hello
</button>
`;
