// Jest Snapshot v1, https://goo.gl/fbAQLP

exports[`<Footer /> Should be rendering 1`] = `ShallowWrapper {}`;
