// Jest Snapshot v1, https://goo.gl/fbAQLP

exports[`ResultBody Render correctly 1`] = `
<BrowserRouter>
  <Router
    history={
      Object {
        "action": "POP",
        "block": [Function],
        "createHref": [Function],
        "go": [Function],
        "goBack": [Function],
        "goForward": [Function],
        "length": 1,
        "listen": [Function],
        "location": Object {
          "hash": "",
          "pathname": "/",
          "search": "",
          "state": undefined,
        },
        "push": [Function],
        "replace": [Function],
      }
    }
  >
    <Provider
      store={
        Object {
          "dispatch": [Function],
          "getState": [Function],
          "replaceReducer": [Function],
          "subscribe": [Function],
          Symbol(observable): [Function],
        }
      }
    >
      <withRouter()>
        <Component
          history={
            Object {
              "action": "POP",
              "block": [Function],
              "createHref": [Function],
              "go": [Function],
              "goBack": [Function],
              "goForward": [Function],
              "length": 1,
              "listen": [Function],
              "location": Object {
                "hash": "",
                "pathname": "/",
                "search": "",
                "state": undefined,
              },
              "push": [Function],
              "replace": [Function],
            }
          }
          location={
            Object {
              "hash": "",
              "pathname": "/",
              "search": "",
              "state": undefined,
            }
          }
          match={
            Object {
              "isExact": true,
              "params": Object {},
              "path": "/",
              "url": "/",
            }
          }
        >
          <div
            className="content content-not-found"
          >
            <Preloader>
              <div
                className="preloader"
              >
                <div
                  className="loader"
                />
              </div>
            </Preloader>
          </div>
        </Component>
      </withRouter()>
    </Provider>
  </Router>
</BrowserRouter>
`;
