// Jest Snapshot v1, https://goo.gl/fbAQLP

exports[`Movie page header Render correctly 1`] = `
<BrowserRouter>
  <Router
    history={
      Object {
        "action": "POP",
        "block": [Function],
        "createHref": [Function],
        "go": [Function],
        "goBack": [Function],
        "goForward": [Function],
        "length": 1,
        "listen": [Function],
        "location": Object {
          "hash": "",
          "pathname": "/",
          "search": "",
          "state": undefined,
        },
        "push": [Function],
        "replace": [Function],
      }
    }
  >
    <Provider
      store={
        Object {
          "dispatch": [Function],
          "getState": [Function],
          "replaceReducer": [Function],
          "subscribe": [Function],
          Symbol(observable): [Function],
        }
      }
    >
      <withRouter(Connect(Component))>
        <Connect(Component)
          history={
            Object {
              "action": "POP",
              "block": [Function],
              "createHref": [Function],
              "go": [Function],
              "goBack": [Function],
              "goForward": [Function],
              "length": 1,
              "listen": [Function],
              "location": Object {
                "hash": "",
                "pathname": "/",
                "search": "",
                "state": undefined,
              },
              "push": [Function],
              "replace": [Function],
            }
          }
          location={
            Object {
              "hash": "",
              "pathname": "/",
              "search": "",
              "state": undefined,
            }
          }
          match={
            Object {
              "isExact": true,
              "params": Object {},
              "path": "/",
              "url": "/",
            }
          }
        >
          <Component
            getMovieDetails={[Function]}
            history={
              Object {
                "action": "POP",
                "block": [Function],
                "createHref": [Function],
                "go": [Function],
                "goBack": [Function],
                "goForward": [Function],
                "length": 1,
                "listen": [Function],
                "location": Object {
                  "hash": "",
                  "pathname": "/",
                  "search": "",
                  "state": undefined,
                },
                "push": [Function],
                "replace": [Function],
              }
            }
            location={
              Object {
                "hash": "",
                "pathname": "/",
                "search": "",
                "state": undefined,
              }
            }
            match={
              Object {
                "isExact": true,
                "params": Object {},
                "path": "/",
                "url": "/",
              }
            }
            movie={Object {}}
          >
            <div
              className="header"
            >
              <Logo
                text="netflixroulette"
              >
                <div
                  className="logo"
                >
                  netflixroulette
                </div>
              </Logo>
              0
            </div>
          </Component>
        </Connect(Component)>
      </withRouter(Connect(Component))>
    </Provider>
  </Router>
</BrowserRouter>
`;
