// Jest Snapshot v1, https://goo.gl/fbAQLP

exports[`<Input /> Render property 1`] = `ShallowWrapper {}`;
